[     275ms] [INFO] %cDownload the React DevTools for a better development experience: https://react.dev/link/react-devtools font-weight:bold @ http://localhost:3001/_next/static/chunks/node_modules_next_dist_115brz8._.js:2431
[     285ms] [LOG] [HMR] connected @ http://localhost:3001/_next/static/chunks/node_modules_next_dist_115brz8._.js:2431
[     315ms] [ERROR] Each child in a list should have a unique "key" prop.%s%s See https://react.dev/link/warning-keys for more information. 

Check the render method of `div`.  It was passed a child from ScheduleCalendarPage. @ http://localhost:3001/_next/static/chunks/node_modules_next_dist_115brz8._.js:3272
[ 2989228ms] [LOG] [Fast Refresh] rebuilding @ http://localhost:3001/_next/static/chunks/node_modules_next_dist_115brz8._.js:2431
[ 2991049ms] [LOG] [Fast Refresh] done in 1928ms @ http://localhost:3001/_next/static/chunks/node_modules_next_dist_115brz8._.js:2431
[ 3401215ms] [LOG] [Fast Refresh] rebuilding @ http://localhost:3001/_next/static/chunks/node_modules_next_dist_115brz8._.js:2431
[ 3404735ms] [LOG] [Fast Refresh] done in 3258ms @ http://localhost:3001/_next/static/chunks/node_modules_next_dist_115brz8._.js:2431
[ 3656130ms] [LOG] [Fast Refresh] rebuilding @ http://localhost:3001/_next/static/chunks/node_modules_next_dist_115brz8._.js:2431
[ 3656216ms] [LOG] [Fast Refresh] done in 187ms @ http://localhost:3001/_next/static/chunks/node_modules_next_dist_115brz8._.js:2431
[ 3709073ms] [LOG] [Fast Refresh] rebuilding @ http://localhost:3001/_next/static/chunks/node_modules_next_dist_115brz8._.js:2431
[ 3709114ms] [LOG] [Fast Refresh] done in 143ms @ http://localhost:3001/_next/static/chunks/node_modules_next_dist_115brz8._.js:2431
[ 4004188ms] [LOG] [Fast Refresh] rebuilding @ http://localhost:3001/_next/static/chunks/node_modules_next_dist_115brz8._.js:2431
[ 4004900ms] [LOG] [Fast Refresh] done in 813ms @ http://localhost:3001/_next/static/chunks/node_modules_next_dist_115brz8._.js:2431
[17504854ms] [LOG] [Fast Refresh] rebuilding @ http://localhost:3001/_next/static/chunks/node_modules_next_dist_115brz8._.js:2431
[17509379ms] [LOG] [Fast Refresh] done in 3858ms @ http://localhost:3001/_next/static/chunks/node_modules_next_dist_115brz8._.js:2431
[17535211ms] [LOG] [Fast Refresh] rebuilding @ http://localhost:3001/_next/static/chunks/node_modules_next_dist_115brz8._.js:2431
[17535970ms] [LOG] [Fast Refresh] done in 862ms @ http://localhost:3001/_next/static/chunks/node_modules_next_dist_115brz8._.js:2431
[17871118ms] [LOG] [Fast Refresh] rebuilding @ http://localhost:3001/_next/static/chunks/node_modules_next_dist_115brz8._.js:2431
[17871274ms] [LOG] [Fast Refresh] done in 258ms @ http://localhost:3001/_next/static/chunks/node_modules_next_dist_115brz8._.js:2431
[17871376ms] [LOG] [Fast Refresh] rebuilding @ http://localhost:3001/_next/static/chunks/node_modules_next_dist_115brz8._.js:2431
[17871423ms] [LOG] [Fast Refresh] done in 148ms @ http://localhost:3001/_next/static/chunks/node_modules_next_dist_115brz8._.js:2431
[17937730ms] [LOG] [Fast Refresh] rebuilding @ http://localhost:3001/_next/static/chunks/node_modules_next_dist_115brz8._.js:2431
[17938586ms] [LOG] [Fast Refresh] done in 670ms @ http://localhost:3001/_next/static/chunks/node_modules_next_dist_115brz8._.js:2431
[17944946ms] [LOG] [Fast Refresh] rebuilding @ http://localhost:3001/_next/static/chunks/node_modules_next_dist_115brz8._.js:2431
[17948481ms] [LOG] [Fast Refresh] done in 3636ms @ http://localhost:3001/_next/static/chunks/node_modules_next_dist_115brz8._.js:2431
[17966208ms] [LOG] [Fast Refresh] rebuilding @ http://localhost:3001/_next/static/chunks/node_modules_next_dist_115brz8._.js:2431
[17967678ms] [LOG] [Fast Refresh] done in 1571ms @ http://localhost:3001/_next/static/chunks/node_modules_next_dist_115brz8._.js:2431
[18033740ms] [LOG] [Fast Refresh] rebuilding @ http://localhost:3001/_next/static/chunks/node_modules_next_dist_115brz8._.js:2431
[18034620ms] [LOG] [Fast Refresh] done in 978ms @ http://localhost:3001/_next/static/chunks/node_modules_next_dist_115brz8._.js:2431
[18040100ms] [LOG] [Fast Refresh] rebuilding @ http://localhost:3001/_next/static/chunks/node_modules_next_dist_115brz8._.js:2431
[18042622ms] [LOG] [Fast Refresh] done in 2624ms @ http://localhost:3001/_next/static/chunks/node_modules_next_dist_115brz8._.js:2431
[18050765ms] [LOG] [Fast Refresh] rebuilding @ http://localhost:3001/_next/static/chunks/node_modules_next_dist_115brz8._.js:2431
[18050815ms] [LOG] [Fast Refresh] done in 152ms @ http://localhost:3001/_next/static/chunks/node_modules_next_dist_115brz8._.js:2431
[18110318ms] [LOG] [Fast Refresh] rebuilding @ http://localhost:3001/_next/static/chunks/node_modules_next_dist_115brz8._.js:2431
[18112948ms] [LOG] [Fast Refresh] done in 2731ms @ http://localhost:3001/_next/static/chunks/node_modules_next_dist_115brz8._.js:2431
