[     167ms] [INFO] %cDownload the React DevTools for a better development experience: https://react.dev/link/react-devtools font-weight:bold @ http://localhost:3001/_next/static/chunks/node_modules_next_dist_115brz8._.js:2431
[     181ms] [LOG] [HMR] connected @ http://localhost:3001/_next/static/chunks/node_modules_next_dist_115brz8._.js:2431
[   17618ms] [LOG] [Fast Refresh] rebuilding @ http://localhost:3001/_next/static/chunks/node_modules_next_dist_115brz8._.js:2431
[   20163ms] [INFO] %cDownload the React DevTools for a better development experience: https://react.dev/link/react-devtools font-weight:bold @ http://localhost:3001/_next/static/chunks/node_modules_next_dist_115brz8._.js:2431
[   20198ms] [LOG] [HMR] connected @ http://localhost:3001/_next/static/chunks/node_modules_next_dist_115brz8._.js:2431
[   20679ms] [LOG] [Fast Refresh] rebuilding @ http://localhost:3001/_next/static/chunks/node_modules_next_dist_115brz8._.js:2431
[   20705ms] [LOG] [Fast Refresh] done in 127ms @ http://localhost:3001/_next/static/chunks/node_modules_next_dist_115brz8._.js:2431
[   24828ms] [INFO] %cDownload the React DevTools for a better development experience: https://react.dev/link/react-devtools font-weight:bold @ http://localhost:3001/_next/static/chunks/node_modules_next_dist_115brz8._.js:2431
[   24841ms] [LOG] [HMR] connected @ http://localhost:3001/_next/static/chunks/node_modules_next_dist_115brz8._.js:2431
[   24874ms] [ERROR] A tree hydrated but some attributes of the server rendered HTML didn't match the client properties. This won't be patched up. This can happen if a SSR-ed Client Component used:

- A server/client branch `if (typeof window !== 'undefined')`.
- Variable input such as `Date.now()` or `Math.random()` which changes each time it's called.
- Date formatting in a user's locale which doesn't match the server.
- External changing data without sending a snapshot of it along with the HTML.
- Invalid HTML tag nesting.

It can also happen if the client has a browser extension installed which messes with the HTML before React loaded.

%s%s https://react.dev/link/hydration-mismatch 

  ...
    <ErrorBoundary errorComponent={undefined} errorStyles={undefined} errorScripts={undefined}>
      <LoadingBoundary name="release/" loading={null}>
        <HTTPAccessFallbackBoundary notFound={undefined} forbidden={undefined} unauthorized={undefined}>
          <RedirectBoundary>
            <RedirectErrorBoundary router={{...}}>
              <InnerLayoutRouter url="/wo/orders..." tree={[...]} params={{}} cacheNode={{rsc:{...}, ...}} ...>
                <SegmentViewNode type="page" pagePath="(app)/wo/o...">
                  <SegmentTrieNode>
                  <ClientPageRoot Component={function WOReleaseResultPage} serverProvidedParams={{...}}>
                    <WOReleaseResultPage params={Promise} searchParams={Promise}>
                      <div>
                        <PageHeader>
                        <div className="grid grid-...">
                          <div>
                            <FieldHeader>
                            <div className="flex gap-3...">
                              <select>
                              <input
                                type="date"
                                defaultValue="2026-05-06"
                                className="bg-surface-container-high text-on-surface text-xs px-2 py-1.5 border border..."
-                               style={{caret-color:"transparent"}}
                              >
                              ...
                            ...
                              <tbody className="font-headl...">
                                <tr className={"border-b..."} onClick={function onClick}>
                                  <td className="px-3 py-2">
                                    <input
                                      type="checkbox"
                                      checked={true}
                                      onChange={function onChange}
                                      className="accent-primary-accent"
-                                     style={{caret-color:"transparent"}}
                                    >
                                  ...
                                <tr className={"border-b..."} onClick={function onClick}>
                                  <td className="px-3 py-2">
                                    <input
                                      type="checkbox"
                                      checked={true}
                                      onChange={function onChange}
                                      className="accent-primary-accent"
-                                     style={{caret-color:"transparent"}}
                                    >
                                  ...
                                <tr className={"border-b..."} onClick={function onClick}>
                                  <td className="px-3 py-2">
                                    <input
                                      type="checkbox"
                                      checked={false}
                                      onChange={function onChange}
                                      className="accent-primary-accent"
-                                     style={{caret-color:"transparent"}}
                                    >
                                  ...
                            ...
                          ...
                        ...
                ...
              ...
 @ http://localhost:3001/_next/static/chunks/node_modules_next_dist_115brz8._.js:3272
[   24989ms] [LOG] [Fast Refresh] rebuilding @ http://localhost:3001/_next/static/chunks/node_modules_next_dist_115brz8._.js:2431
[   24993ms] [LOG] [Fast Refresh] done in 106ms @ http://localhost:3001/_next/static/chunks/node_modules_next_dist_115brz8._.js:2431
[   29385ms] [INFO] %cDownload the React DevTools for a better development experience: https://react.dev/link/react-devtools font-weight:bold @ http://localhost:3001/_next/static/chunks/node_modules_next_dist_115brz8._.js:2431
[   29395ms] [LOG] [HMR] connected @ http://localhost:3001/_next/static/chunks/node_modules_next_dist_115brz8._.js:2431
[   29427ms] [ERROR] A tree hydrated but some attributes of the server rendered HTML didn't match the client properties. This won't be patched up. This can happen if a SSR-ed Client Component used:

- A server/client branch `if (typeof window !== 'undefined')`.
- Variable input such as `Date.now()` or `Math.random()` which changes each time it's called.
- Date formatting in a user's locale which doesn't match the server.
- External changing data without sending a snapshot of it along with the HTML.
- Invalid HTML tag nesting.

It can also happen if the client has a browser extension installed which messes with the HTML before React loaded.

%s%s https://react.dev/link/hydration-mismatch 

  ...
    <HTTPAccessFallbackErrorBoundary pathname="/wo/members/" notFound={{...}} forbidden={undefined} ...>
      <RedirectBoundary>
        <RedirectErrorBoundary router={{...}}>
          <InnerLayoutRouter url="/wo/members/" tree={[...]} params={{}} cacheNode={{rsc:{...}, ...}} segmentPath={[...]} ...>
            <SegmentViewNode type="layout" pagePath="(app)/layo...">
              <SegmentTrieNode>
              <script>
              <script>
              <script>
              <ClientSegmentRoot Component={function AppLayout} slots={{children:{...}}} ...>
                <AppLayout params={Promise}>
                  <div className="overflow-h...">
                    <TopNav>
                    <SideNav open={false} onClose={function onClose}>
                      <aside className="fixed left...">
                        <div className="px-4 py-3 ...">
                          <div className="flex items...">
                            <span>
                            <input
                              ref={{current:null}}
                              type="text"
                              placeholder="메뉴 검색... (/)"
                              value=""
                              onChange={function onChange}
                              className="bg-transparent text-sm text-on-surface placeholder:text-on-surface/30 outline..."
-                             style={{caret-color:"transparent"}}
                            >
                        ...
                    ...
                      <SegmentViewNode type="page" pagePath="(app)/wo/m...">
                        <SegmentTrieNode>
                        <WOMembersPage>
                          <div>
                            <header>
                            <div>
                            <div className="flex flex-...">
                              <div className="flex flex-...">
                                <label>
                                <input
                                  type="text"
                                  placeholder="B01"
                                  className="bg-surface-container-high text-on-surface text-sm px-3 py-1.5 border bord..."
-                                 style={{caret-color:"transparent"}}
                                >
                              <div className="flex flex-...">
                                <label>
                                <input
                                  type="text"
                                  placeholder="G22C"
                                  className="bg-surface-container-high text-on-surface text-sm px-3 py-1.5 border bord..."
-                                 style={{caret-color:"transparent"}}
                                >
                              <div className="flex flex-...">
                                <label>
                                <input
                                  type="text"
                                  placeholder="B01-1-G22C-C-"
                                  className="bg-surface-container-high text-on-surface text-sm px-3 py-1.5 border bord..."
-                                 style={{caret-color:"transparent"}}
                                >
                              ...
                            ...
                      ...
                    ...
          ...
 @ http://localhost:3001/_next/static/chunks/node_modules_next_dist_115brz8._.js:3272
[   33765ms] [INFO] %cDownload the React DevTools for a better development experience: https://react.dev/link/react-devtools font-weight:bold @ http://localhost:3001/_next/static/chunks/node_modules_next_dist_115brz8._.js:2431
[   33774ms] [LOG] [HMR] connected @ http://localhost:3001/_next/static/chunks/node_modules_next_dist_115brz8._.js:2431
[   38255ms] [INFO] %cDownload the React DevTools for a better development experience: https://react.dev/link/react-devtools font-weight:bold @ http://localhost:3001/_next/static/chunks/node_modules_next_dist_115brz8._.js:2431
[   38265ms] [LOG] [HMR] connected @ http://localhost:3001/_next/static/chunks/node_modules_next_dist_115brz8._.js:2431
[   38292ms] [ERROR] A tree hydrated but some attributes of the server rendered HTML didn't match the client properties. This won't be patched up. This can happen if a SSR-ed Client Component used:

- A server/client branch `if (typeof window !== 'undefined')`.
- Variable input such as `Date.now()` or `Math.random()` which changes each time it's called.
- Date formatting in a user's locale which doesn't match the server.
- External changing data without sending a snapshot of it along with the HTML.
- Invalid HTML tag nesting.

It can also happen if the client has a browser extension installed which messes with the HTML before React loaded.

%s%s https://react.dev/link/hydration-mismatch 

  ...
    <ErrorBoundary errorComponent={undefined} errorStyles={undefined} errorScripts={undefined}>
      <LoadingBoundary name="print/" loading={null}>
        <HTTPAccessFallbackBoundary notFound={undefined} forbidden={undefined} unauthorized={undefined}>
          <RedirectBoundary>
            <RedirectErrorBoundary router={{...}}>
              <InnerLayoutRouter url="/wo/labels..." tree={[...]} params={{}} cacheNode={{rsc:{...}, ...}} ...>
                <SegmentViewNode type="page" pagePath="(app)/wo/l...">
                  <SegmentTrieNode>
                  <ClientPageRoot Component={function LabelPrintPage} serverProvidedParams={{...}}>
                    <LabelPrintPage params={Promise} searchParams={Promise}>
                      <main className="p-8 bg-sur...">
                        <PageHeader>
                        <div>
                        <div className="flex gap-8...">
                          <div className="w-80 bg-su...">
                            <div>
                            <div>
                              <label>
                              <input
                                type="number"
                                value={1}
                                onChange={function onChange}
                                min={1}
                                max={10}
                                className="w-full bg-surface-container px-3 py-2 text-sm font-headline border border-o..."
-                               style={{caret-color:"transparent"}}
                              >
                            ...
                          ...
                ...
              ...
 @ http://localhost:3001/_next/static/chunks/node_modules_next_dist_115brz8._.js:3272
[   43198ms] [INFO] %cDownload the React DevTools for a better development experience: https://react.dev/link/react-devtools font-weight:bold @ http://localhost:3001/_next/static/chunks/node_modules_next_dist_115brz8._.js:2431
[   43207ms] [LOG] [HMR] connected @ http://localhost:3001/_next/static/chunks/node_modules_next_dist_115brz8._.js:2431
[   47170ms] [INFO] %cDownload the React DevTools for a better development experience: https://react.dev/link/react-devtools font-weight:bold @ http://localhost:3001/_next/static/chunks/node_modules_next_dist_115brz8._.js:2431
[   47178ms] [LOG] [HMR] connected @ http://localhost:3001/_next/static/chunks/node_modules_next_dist_115brz8._.js:2431
[   47206ms] [ERROR] A tree hydrated but some attributes of the server rendered HTML didn't match the client properties. This won't be patched up. This can happen if a SSR-ed Client Component used:

- A server/client branch `if (typeof window !== 'undefined')`.
- Variable input such as `Date.now()` or `Math.random()` which changes each time it's called.
- Date formatting in a user's locale which doesn't match the server.
- External changing data without sending a snapshot of it along with the HTML.
- Invalid HTML tag nesting.

It can also happen if the client has a browser extension installed which messes with the HTML before React loaded.

%s%s https://react.dev/link/hydration-mismatch 

  ...
    <HTTPAccessFallbackErrorBoundary pathname="/mfg/issue..." notFound={{...}} forbidden={undefined} ...>
      <RedirectBoundary>
        <RedirectErrorBoundary router={{...}}>
          <InnerLayoutRouter url="/mfg/issue..." tree={[...]} params={{}} cacheNode={{rsc:{...}, ...}} ...>
            <SegmentViewNode type="layout" pagePath="(app)/layo...">
              <SegmentTrieNode>
              <script>
              <script>
              <script>
              <ClientSegmentRoot Component={function AppLayout} slots={{children:{...}}} ...>
                <AppLayout params={Promise}>
                  <div className="overflow-h...">
                    <TopNav>
                    <SideNav open={false} onClose={function onClose}>
                      <aside className="fixed left...">
                        <div className="px-4 py-3 ...">
                          <div className="flex items...">
                            <span>
                            <input
                              ref={{current:null}}
                              type="text"
                              placeholder="메뉴 검색... (/)"
                              value=""
                              onChange={function onChange}
                              className="bg-transparent text-sm text-on-surface placeholder:text-on-surface/30 outline..."
-                             style={{caret-color:"transparent"}}
                            >
                        ...
                    ...
                      <SegmentViewNode type="page" pagePath="(app)/mfg/...">
                        <SegmentTrieNode>
                        <ClientPageRoot Component={function IssueScanPage} serverProvidedParams={{...}}>
                          <IssueScanPage params={Promise} searchParams={Promise}>
                            <div className="max-w-sm m...">
                              <div>
                              <div>
                              <div className="bg-surface...">
                                <p>
                                <div className="flex gap-2">
                                  <input
                                    type="text"
                                    value=""
                                    onChange={function onChange}
                                    onKeyDown={function onKeyDown}
                                    placeholder="신선-YYYYMMDD-NNN"
                                    className="flex-1 bg-surface-container-lowest border-b-2 border-outline/30 px-3 py..."
-                                   style={{caret-color:"transparent"}}
                                  >
                                  ...
                              ...
                    ...
          ...
 @ http://localhost:3001/_next/static/chunks/node_modules_next_dist_115brz8._.js:3272
[   51059ms] [INFO] %cDownload the React DevTools for a better development experience: https://react.dev/link/react-devtools font-weight:bold @ http://localhost:3001/_next/static/chunks/node_modules_next_dist_115brz8._.js:2431
[   51071ms] [LOG] [HMR] connected @ http://localhost:3001/_next/static/chunks/node_modules_next_dist_115brz8._.js:2431
[   54963ms] [LOG] [Fast Refresh] rebuilding @ http://localhost:3001/_next/static/chunks/node_modules_next_dist_115brz8._.js:2431
[   57716ms] [LOG] [Fast Refresh] done in 2853ms @ http://localhost:3001/_next/static/chunks/node_modules_next_dist_115brz8._.js:2431
[   57813ms] [INFO] %cDownload the React DevTools for a better development experience: https://react.dev/link/react-devtools font-weight:bold @ http://localhost:3001/_next/static/chunks/node_modules_next_dist_115brz8._.js:2431
[   57834ms] [LOG] [HMR] connected @ http://localhost:3001/_next/static/chunks/node_modules_next_dist_115brz8._.js:2431
[   57861ms] [ERROR] A tree hydrated but some attributes of the server rendered HTML didn't match the client properties. This won't be patched up. This can happen if a SSR-ed Client Component used:

- A server/client branch `if (typeof window !== 'undefined')`.
- Variable input such as `Date.now()` or `Math.random()` which changes each time it's called.
- Date formatting in a user's locale which doesn't match the server.
- External changing data without sending a snapshot of it along with the HTML.
- Invalid HTML tag nesting.

It can also happen if the client has a browser extension installed which messes with the HTML before React loaded.

%s%s https://react.dev/link/hydration-mismatch 

  ...
    <ScrollAndMaybeFocusHandler cacheNode={{rsc:{...}, ...}}>
      <InnerScrollAndFocusHandlerOld focusAndScrollRef={{scrollRef:null, ...}} cacheNode={{rsc:{...}, ...}}>
        <ErrorBoundary errorComponent={undefined} errorStyles={undefined} errorScripts={undefined}>
          <LoadingBoundary name="out/" loading={null}>
            <HTTPAccessFallbackBoundary notFound={undefined} forbidden={undefined} unauthorized={undefined}>
              <RedirectBoundary>
                <RedirectErrorBoundary router={{...}}>
                  <InnerLayoutRouter url="/mfg/trans..." tree={[...]} params={{}} cacheNode={{rsc:{...}, ...}} ...>
                    <SegmentViewNode type="page" pagePath="(app)/mfg/...">
                      <SegmentTrieNode>
                      <ClientPageRoot Component={function TransferOutPage} serverProvidedParams={{...}}>
                        <TransferOutPage params={Promise} searchParams={Promise}>
                          <div className="max-w-sm m...">
                            <PageHeader>
                            <div>
                            <div>
                            <div className="mb-6">
                              <label>
                              <input
                                type="text"
                                value=""
                                onChange={function onChange}
                                onKeyDown={function onKeyDown}
                                placeholder="PRD-20260506-001"
                                className="w-full bg-surface-container border border-outline-variant/30 px-4 py-3 text..."
-                               style={{caret-color:"transparent"}}
                              >
                            ...
                    ...
                  ...
        ...
 @ http://localhost:3001/_next/static/chunks/node_modules_next_dist_115brz8._.js:3272
[   62122ms] [INFO] %cDownload the React DevTools for a better development experience: https://react.dev/link/react-devtools font-weight:bold @ http://localhost:3001/_next/static/chunks/node_modules_next_dist_115brz8._.js:2431
[   62138ms] [LOG] [HMR] connected @ http://localhost:3001/_next/static/chunks/node_modules_next_dist_115brz8._.js:2431
